[2025-07-06T04:30:47.744Z] INFO: POST /api/authlogin 404 - 2.332 ms [user-id=anonymous role=guest] 
[2025-07-06T04:30:49.604Z] INFO: POST /api/authlogin 404 - 0.077 ms [user-id=anonymous role=guest] 
[2025-07-06T04:31:06.623Z] INFO: POST /api/authlogin 404 - 0.174 ms [user-id=anonymous role=guest] 
[2025-07-06T04:31:28.202Z] INFO: POST /login 404 - 0.207 ms [user-id=anonymous role=guest] 
[2025-07-06T04:31:29.596Z] INFO: POST /login 404 - 0.160 ms [user-id=anonymous role=guest] 
[2025-07-06T04:31:30.362Z] INFO: POST /login 404 - 0.167 ms [user-id=anonymous role=guest] 
[2025-07-06T04:33:09.572Z] INFO: POST /login 404 - 0.197 ms [user-id=anonymous role=guest] 
[2025-07-06T04:33:10.528Z] INFO: POST /login 404 - 0.169 ms [user-id=anonymous role=guest] 
[2025-07-06T04:34:57.922Z] INFO: POST /api/v1/auth/login 404 - 0.231 ms [user-id=anonymous role=guest] 
[2025-07-06T04:35:06.875Z] INFO: POST /login 404 - 0.208 ms [user-id=anonymous role=guest] 
[2025-07-06T04:35:08.829Z] INFO: POST /login 404 - 0.163 ms [user-id=anonymous role=guest] 
[2025-07-06T04:35:14.056Z] INFO: POST / 404 - 0.525 ms [user-id=anonymous role=guest] 
[2025-07-06T04:35:15.250Z] INFO: POST / 404 - 0.215 ms [user-id=anonymous role=guest] 
[2025-07-06T04:36:39.567Z] INFO: GET /health 404 - 0.335 ms [user-id=anonymous role=guest] 
[2025-07-06T04:37:59.546Z] INFO: POST /login 404 - 0.137 ms [user-id=anonymous role=guest] 
[2025-07-06T04:38:28.818Z] INFO: POST /api/authlogin 404 - 0.147 ms [user-id=anonymous role=guest] 
[2025-07-06T04:38:30.008Z] INFO: POST /api/authlogin 404 - 0.077 ms [user-id=anonymous role=guest] 
[2025-07-06T04:38:30.710Z] INFO: POST /api/authlogin 404 - 0.177 ms [user-id=anonymous role=guest] 
[2025-07-06T04:38:31.460Z] INFO: POST /api/authlogin 404 - 0.155 ms [user-id=anonymous role=guest] 
[2025-07-06T04:39:11.052Z] INFO: POST /api/auth/login 200 - 24180.915 ms [user-id=anonymous role=guest] 
[2025-07-06T04:45:04.997Z] INFO: POST /api/auth/login 200 - 290.147 ms [user-id=anonymous role=guest] 
[2025-07-06T04:47:19.099Z] INFO: POST /api/auth/login 200 - 139.716 ms [user-id=anonymous role=guest] 
[2025-07-06T04:47:21.026Z] INFO: POST /api/auth/login 200 - 209.337 ms [user-id=anonymous role=guest] 
